Category: 🇨🇳山东频道, Name: 山东教育, Total: 1, Valid: 0, Valid Percent: 0.00%, IPv4: 1, IPv6: 0, Min Delay: -1 ms, Max Speed: 0.00 M/s, Avg Speed: 0.00 M/s, Max Resolution: None
Category: 🇨🇳山东频道, Name: 山东卫视, Total: 19, Valid: 15, Valid Percent: 78.95%, IPv4: 19, IPv6: 0, Min Delay: 441 ms, Max Speed: 10.15 M/s, Avg Speed: 0.90 M/s, Max Resolution: 1920x1080
Category: 📺央视频道, Name: CCTV-1, Total: 25, Valid: 17, Valid Percent: 68.00%, IPv4: 25, IPv6: 0, Min Delay: 349 ms, Max Speed: 8.81 M/s, Avg Speed: 2.10 M/s, Max Resolution: 1920x1080
Category: 📺央视频道, Name: CCTV-2, Total: 27, Valid: 20, Valid Percent: 74.07%, IPv4: 27, IPv6: 0, Min Delay: 294 ms, Max Speed: 10.06 M/s, Avg Speed: 1.52 M/s, Max Resolution: 1920x1080
Category: 📺央视频道, Name: CCTV-3, Total: 28, Valid: 20, Valid Percent: 71.43%, IPv4: 28, IPv6: 0, Min Delay: 289 ms, Max Speed: 9.36 M/s, Avg Speed: 1.54 M/s, Max Resolution: 1920x1080
Category: 📺央视频道, Name: CCTV-4, Total: 27, Valid: 22, Valid Percent: 81.48%, IPv4: 27, IPv6: 0, Min Delay: 391 ms, Max Speed: 8.71 M/s, Avg Speed: 1.48 M/s, Max Resolution: 1920x1080
Category: 📺央视频道, Name: CCTV-5+, Total: 13, Valid: 8, Valid Percent: 61.54%, IPv4: 13, IPv6: 0, Min Delay: 3075 ms, Max Speed: 0.84 M/s, Avg Speed: 0.24 M/s, Max Resolution: 1920x1080
Category: 📺央视频道, Name: CCTV-5, Total: 32, Valid: 26, Valid Percent: 81.25%, IPv4: 32, IPv6: 0, Min Delay: 296 ms, Max Speed: 3.37 M/s, Avg Speed: 0.77 M/s, Max Resolution: 1920x1080
Category: 📺央视频道, Name: CCTV-6, Total: 22, Valid: 16, Valid Percent: 72.73%, IPv4: 22, IPv6: 0, Min Delay: 192 ms, Max Speed: 11.50 M/s, Avg Speed: 1.56 M/s, Max Resolution: 1920x1080
Category: 📺央视频道, Name: CCTV-7, Total: 19, Valid: 12, Valid Percent: 63.16%, IPv4: 19, IPv6: 0, Min Delay: 448 ms, Max Speed: 8.85 M/s, Avg Speed: 1.59 M/s, Max Resolution: 1920x1080
Category: 📺央视频道, Name: CCTV-8, Total: 33, Valid: 27, Valid Percent: 81.82%, IPv4: 33, IPv6: 0, Min Delay: 293 ms, Max Speed: 10.66 M/s, Avg Speed: 2.63 M/s, Max Resolution: 1920x1080
Category: 📺央视频道, Name: CCTV-9, Total: 21, Valid: 15, Valid Percent: 71.43%, IPv4: 21, IPv6: 0, Min Delay: 415 ms, Max Speed: 5.35 M/s, Avg Speed: 0.99 M/s, Max Resolution: 1920x1080
Category: 📺央视频道, Name: CCTV-10, Total: 19, Valid: 12, Valid Percent: 63.16%, IPv4: 19, IPv6: 0, Min Delay: 345 ms, Max Speed: 7.80 M/s, Avg Speed: 1.67 M/s, Max Resolution: 1920x1080
Category: 📺央视频道, Name: CCTV-11, Total: 27, Valid: 21, Valid Percent: 77.78%, IPv4: 27, IPv6: 0, Min Delay: 346 ms, Max Speed: 5.29 M/s, Avg Speed: 1.12 M/s, Max Resolution: 1920x1080
Category: 📺央视频道, Name: CCTV-12, Total: 25, Valid: 19, Valid Percent: 76.00%, IPv4: 25, IPv6: 0, Min Delay: 452 ms, Max Speed: 9.52 M/s, Avg Speed: 1.31 M/s, Max Resolution: 1920x1080
Category: 📺央视频道, Name: CCTV-13, Total: 27, Valid: 20, Valid Percent: 74.07%, IPv4: 27, IPv6: 0, Min Delay: 267 ms, Max Speed: 8.73 M/s, Avg Speed: 1.18 M/s, Max Resolution: 1920x1080
Category: 📺央视频道, Name: CCTV-14, Total: 27, Valid: 19, Valid Percent: 70.37%, IPv4: 27, IPv6: 0, Min Delay: 381 ms, Max Speed: 8.27 M/s, Avg Speed: 2.42 M/s, Max Resolution: 1920x1080
Category: 📺央视频道, Name: CGTN, Total: 2, Valid: 0, Valid Percent: 0.00%, IPv4: 2, IPv6: 0, Min Delay: -1 ms, Max Speed: 0.00 M/s, Avg Speed: 0.00 M/s, Max Resolution: None
Category: 📺央视频道, Name: CCTV-16, Total: 16, Valid: 12, Valid Percent: 75.00%, IPv4: 16, IPv6: 0, Min Delay: 436 ms, Max Speed: 7.79 M/s, Avg Speed: 1.56 M/s, Max Resolution: 1920x1080
Category: 📺央视频道, Name: CCTV-15, Total: 21, Valid: 15, Valid Percent: 71.43%, IPv4: 21, IPv6: 0, Min Delay: 418 ms, Max Speed: 9.30 M/s, Avg Speed: 2.34 M/s, Max Resolution: 1920x1080
Category: 📺央视频道, Name: CGTN法语, Total: 2, Valid: 1, Valid Percent: 50.00%, IPv4: 2, IPv6: 0, Min Delay: 2515 ms, Max Speed: 3.53 M/s, Avg Speed: 3.53 M/s, Max Resolution: 1920x1080
Category: 📺央视频道, Name: CETV-4, Total: 1, Valid: 0, Valid Percent: 0.00%, IPv4: 1, IPv6: 0, Min Delay: -1 ms, Max Speed: 0.00 M/s, Avg Speed: 0.00 M/s, Max Resolution: None
Category: 📺央视频道, Name: 兵器科技, Total: 6, Valid: 5, Valid Percent: 83.33%, IPv4: 6, IPv6: 0, Min Delay: 40 ms, Max Speed: 126.92 M/s, Avg Speed: 50.39 M/s, Max Resolution: 1920x1080
Category: 📺央视频道, Name: 电视指南, Total: 1, Valid: 1, Valid Percent: 100.00%, IPv4: 1, IPv6: 0, Min Delay: 1076 ms, Max Speed: 0.37 M/s, Avg Speed: 0.37 M/s, Max Resolution: 1920x1080
Category: 📺央视频道, Name: 风云剧场, Total: 7, Valid: 6, Valid Percent: 85.71%, IPv4: 7, IPv6: 0, Min Delay: 63 ms, Max Speed: 84.26 M/s, Avg Speed: 19.99 M/s, Max Resolution: 1920x1080
Category: 📺央视频道, Name: 风云音乐, Total: 8, Valid: 7, Valid Percent: 87.50%, IPv4: 8, IPv6: 0, Min Delay: 49 ms, Max Speed: 108.40 M/s, Avg Speed: 34.53 M/s, Max Resolution: 1920x1080
Category: 📺央视频道, Name: 高尔夫网球, Total: 2, Valid: 1, Valid Percent: 50.00%, IPv4: 2, IPv6: 0, Min Delay: 983 ms, Max Speed: 0.48 M/s, Avg Speed: 0.48 M/s, Max Resolution: 1920x1080
Category: 📺央视频道, Name: CGTN俄语, Total: 2, Valid: 0, Valid Percent: 0.00%, IPv4: 2, IPv6: 0, Min Delay: -1 ms, Max Speed: 0.00 M/s, Avg Speed: 0.00 M/s, Max Resolution: None
Category: 📺央视频道, Name: CCTV-17, Total: 18, Valid: 12, Valid Percent: 66.67%, IPv4: 18, IPv6: 0, Min Delay: 44 ms, Max Speed: 103.04 M/s, Avg Speed: 16.23 M/s, Max Resolution: 1920x1080
Category: 📺央视频道, Name: CETV-2, Total: 2, Valid: 0, Valid Percent: 0.00%, IPv4: 2, IPv6: 0, Min Delay: -1 ms, Max Speed: 0.00 M/s, Avg Speed: 0.00 M/s, Max Resolution: None
Category: 📺央视频道, Name: CETV-1, Total: 4, Valid: 2, Valid Percent: 50.00%, IPv4: 4, IPv6: 0, Min Delay: 10227 ms, Max Speed: 0.12 M/s, Avg Speed: 0.12 M/s, Max Resolution: 1920x1080
Category: 📡卫视频道, Name: 北京卫视, Total: 26, Valid: 18, Valid Percent: 69.23%, IPv4: 26, IPv6: 0, Min Delay: 7 ms, Max Speed: 13.33 M/s, Avg Speed: 2.04 M/s, Max Resolution: 1920x1080
Category: 📡卫视频道, Name: 安徽卫视, Total: 19, Valid: 16, Valid Percent: 84.21%, IPv4: 19, IPv6: 0, Min Delay: 449 ms, Max Speed: 8.86 M/s, Avg Speed: 0.97 M/s, Max Resolution: 1920x1080
Category: 📡卫视频道, Name: 东方卫视, Total: 22, Valid: 19, Valid Percent: 86.36%, IPv4: 22, IPv6: 0, Min Delay: 289 ms, Max Speed: 9.97 M/s, Avg Speed: 3.14 M/s, Max Resolution: 1920x1080
Category: 📡卫视频道, Name: 兵团卫视, Total: 7, Valid: 3, Valid Percent: 42.86%, IPv4: 7, IPv6: 0, Min Delay: 482 ms, Max Speed: 10.57 M/s, Avg Speed: 3.75 M/s, Max Resolution: 1920x1080
Category: 📡卫视频道, Name: 东南卫视, Total: 19, Valid: 15, Valid Percent: 78.95%, IPv4: 19, IPv6: 0, Min Delay: 531 ms, Max Speed: 8.49 M/s, Avg Speed: 0.88 M/s, Max Resolution: 1920x1080
Category: 📡卫视频道, Name: 甘肃卫视, Total: 9, Valid: 8, Valid Percent: 88.89%, IPv4: 9, IPv6: 0, Min Delay: 622 ms, Max Speed: 7.21 M/s, Avg Speed: 1.86 M/s, Max Resolution: 1920x1080
Category: 📡卫视频道, Name: 广东卫视, Total: 23, Valid: 18, Valid Percent: 78.26%, IPv4: 23, IPv6: 0, Min Delay: 303 ms, Max Speed: 16.10 M/s, Avg Speed: 3.59 M/s, Max Resolution: 1920x1080
Category: 📡卫视频道, Name: 广西卫视, Total: 14, Valid: 11, Valid Percent: 78.57%, IPv4: 14, IPv6: 0, Min Delay: 310 ms, Max Speed: 9.19 M/s, Avg Speed: 1.38 M/s, Max Resolution: 1920x1080
Category: 📡卫视频道, Name: 贵州卫视, Total: 17, Valid: 13, Valid Percent: 76.47%, IPv4: 17, IPv6: 0, Min Delay: 44 ms, Max Speed: 116.09 M/s, Avg Speed: 11.64 M/s, Max Resolution: 1920x1080
Category: 📡卫视频道, Name: 海峡卫视, Total: 8, Valid: 6, Valid Percent: 75.00%, IPv4: 8, IPv6: 0, Min Delay: 2394 ms, Max Speed: 1.29 M/s, Avg Speed: 0.50 M/s, Max Resolution: 1920x1080
Category: 📡卫视频道, Name: 海南卫视, Total: 10, Valid: 5, Valid Percent: 50.00%, IPv4: 10, IPv6: 0, Min Delay: 1041 ms, Max Speed: 0.73 M/s, Avg Speed: 0.30 M/s, Max Resolution: 1920x1080
Category: 📡卫视频道, Name: 河北卫视, Total: 21, Valid: 14, Valid Percent: 66.67%, IPv4: 21, IPv6: 0, Min Delay: 283 ms, Max Speed: 7.33 M/s, Avg Speed: 1.12 M/s, Max Resolution: 1920x1080
Category: 📡卫视频道, Name: 河南卫视, Total: 20, Valid: 12, Valid Percent: 60.00%, IPv4: 20, IPv6: 0, Min Delay: 75 ms, Max Speed: 11.40 M/s, Avg Speed: 2.44 M/s, Max Resolution: 1920x1080
Category: 📡卫视频道, Name: 湖北卫视, Total: 20, Valid: 14, Valid Percent: 70.00%, IPv4: 20, IPv6: 0, Min Delay: 467 ms, Max Speed: 8.56 M/s, Avg Speed: 1.47 M/s, Max Resolution: 1920x1080
Category: 📡卫视频道, Name: 湖南卫视, Total: 25, Valid: 21, Valid Percent: 84.00%, IPv4: 25, IPv6: 0, Min Delay: 7 ms, Max Speed: 12.18 M/s, Avg Speed: 2.77 M/s, Max Resolution: 3840x2160
Category: 📡卫视频道, Name: 吉林卫视, Total: 17, Valid: 12, Valid Percent: 70.59%, IPv4: 17, IPv6: 0, Min Delay: 445 ms, Max Speed: 8.19 M/s, Avg Speed: 0.90 M/s, Max Resolution: 1920x1080
Category: 📡卫视频道, Name: 江苏卫视, Total: 27, Valid: 22, Valid Percent: 81.48%, IPv4: 27, IPv6: 0, Min Delay: 338 ms, Max Speed: 9.95 M/s, Avg Speed: 3.21 M/s, Max Resolution: 1920x1080
Category: 📡卫视频道, Name: 江西卫视, Total: 19, Valid: 13, Valid Percent: 68.42%, IPv4: 19, IPv6: 0, Min Delay: 53 ms, Max Speed: 93.23 M/s, Avg Speed: 9.93 M/s, Max Resolution: 1920x1080
Category: 📡卫视频道, Name: 三沙卫视, Total: 8, Valid: 6, Valid Percent: 75.00%, IPv4: 8, IPv6: 0, Min Delay: 318 ms, Max Speed: 7.18 M/s, Avg Speed: 1.99 M/s, Max Resolution: 1920x1080
Category: 📡卫视频道, Name: 辽宁卫视, Total: 18, Valid: 13, Valid Percent: 72.22%, IPv4: 18, IPv6: 0, Min Delay: 480 ms, Max Speed: 10.44 M/s, Avg Speed: 3.71 M/s, Max Resolution: 1920x1080
Category: 📡卫视频道, Name: 宁夏卫视, Total: 13, Valid: 10, Valid Percent: 76.92%, IPv4: 13, IPv6: 0, Min Delay: 45 ms, Max Speed: 113.68 M/s, Avg Speed: 27.95 M/s, Max Resolution: 1920x1080
Category: 📡卫视频道, Name: 青海卫视, Total: 10, Valid: 6, Valid Percent: 60.00%, IPv4: 10, IPv6: 0, Min Delay: 451 ms, Max Speed: 8.95 M/s, Avg Speed: 3.16 M/s, Max Resolution: 1920x1080
Category: 📡卫视频道, Name: 山西卫视, Total: 10, Valid: 7, Valid Percent: 70.00%, IPv4: 10, IPv6: 0, Min Delay: 48 ms, Max Speed: 103.95 M/s, Avg Speed: 27.39 M/s, Max Resolution: 1920x1080
Category: 📡卫视频道, Name: 陕西卫视, Total: 12, Valid: 7, Valid Percent: 58.33%, IPv4: 12, IPv6: 0, Min Delay: 46 ms, Max Speed: 114.59 M/s, Avg Speed: 18.44 M/s, Max Resolution: 1920x1080
Category: 📡卫视频道, Name: 深圳卫视, Total: 23, Valid: 20, Valid Percent: 86.96%, IPv4: 23, IPv6: 0, Min Delay: 281 ms, Max Speed: 8.94 M/s, Avg Speed: 2.62 M/s, Max Resolution: 1920x1080
Category: 📡卫视频道, Name: 四川卫视, Total: 17, Valid: 13, Valid Percent: 76.47%, IPv4: 17, IPv6: 0, Min Delay: 59 ms, Max Speed: 85.19 M/s, Avg Speed: 13.51 M/s, Max Resolution: 1920x1080
Category: 📡卫视频道, Name: 天津卫视, Total: 19, Valid: 16, Valid Percent: 84.21%, IPv4: 19, IPv6: 0, Min Delay: 450 ms, Max Speed: 9.36 M/s, Avg Speed: 1.44 M/s, Max Resolution: 1920x1080
Category: 📡卫视频道, Name: 西藏卫视, Total: 8, Valid: 6, Valid Percent: 75.00%, IPv4: 8, IPv6: 0, Min Delay: 58 ms, Max Speed: 91.61 M/s, Avg Speed: 18.70 M/s, Max Resolution: 1920x1080
Category: 📡卫视频道, Name: 新疆卫视, Total: 11, Valid: 9, Valid Percent: 81.82%, IPv4: 11, IPv6: 0, Min Delay: 72 ms, Max Speed: 65.87 M/s, Avg Speed: 8.93 M/s, Max Resolution: 1920x1080
Category: 📡卫视频道, Name: 延边卫视, Total: 4, Valid: 3, Valid Percent: 75.00%, IPv4: 4, IPv6: 0, Min Delay: 54 ms, Max Speed: 88.17 M/s, Avg Speed: 34.86 M/s, Max Resolution: 1920x1080
Category: 📡卫视频道, Name: 浙江卫视, Total: 20, Valid: 18, Valid Percent: 90.00%, IPv4: 20, IPv6: 0, Min Delay: 319 ms, Max Speed: 6.90 M/s, Avg Speed: 2.12 M/s, Max Resolution: 1920x1080
Category: 📡卫视频道, Name: 云南卫视, Total: 17, Valid: 12, Valid Percent: 70.59%, IPv4: 17, IPv6: 0, Min Delay: 50 ms, Max Speed: 107.49 M/s, Avg Speed: 9.89 M/s, Max Resolution: 1920x1080
Category: 📡卫视频道, Name: 东方卫视4K, Total: 1, Valid: 1, Valid Percent: 100.00%, IPv4: 1, IPv6: 0, Min Delay: 1798 ms, Max Speed: 0.27 M/s, Avg Speed: 0.27 M/s, Max Resolution: 1920x1080
Category: 📡卫视频道, Name: 重庆卫视, Total: 19, Valid: 15, Valid Percent: 78.95%, IPv4: 19, IPv6: 0, Min Delay: 465 ms, Max Speed: 8.15 M/s, Avg Speed: 1.37 M/s, Max Resolution: 1920x1080
Category: 📡卫视频道, Name: 苏州4K, Total: 2, Valid: 1, Valid Percent: 50.00%, IPv4: 2, IPv6: 0, Min Delay: 1647 ms, Max Speed: 0.45 M/s, Avg Speed: 0.45 M/s, Max Resolution: 3840x2160
Category: 🎬电影频道, Name: 凤凰电影, Total: 1, Valid: 0, Valid Percent: 0.00%, IPv4: 1, IPv6: 0, Min Delay: -1 ms, Max Speed: 0.00 M/s, Avg Speed: 0.00 M/s, Max Resolution: 1920x1080
Category: 🎬电影频道, Name: 东森洋片, Total: 1, Valid: 0, Valid Percent: 0.00%, IPv4: 1, IPv6: 0, Min Delay: -1 ms, Max Speed: 0.00 M/s, Avg Speed: 0.00 M/s, Max Resolution: None
Category: 🎬电影频道, Name: CHC动作电影, Total: 8, Valid: 6, Valid Percent: 75.00%, IPv4: 8, IPv6: 0, Min Delay: 286 ms, Max Speed: 8.68 M/s, Avg Speed: 3.19 M/s, Max Resolution: 1920x1080
Category: 🎬电影频道, Name: 人在囧途之泰囧, Total: 1, Valid: 0, Valid Percent: 0.00%, IPv4: 1, IPv6: 0, Min Delay: -1 ms, Max Speed: 0.00 M/s, Avg Speed: 0.00 M/s, Max Resolution: None
Category: 🎬电影频道, Name: 人在囧途, Total: 1, Valid: 0, Valid Percent: 0.00%, IPv4: 1, IPv6: 0, Min Delay: -1 ms, Max Speed: 0.00 M/s, Avg Speed: 0.00 M/s, Max Resolution: None
Category: 🎬电影频道, Name: 人在囧途之港囧, Total: 1, Valid: 0, Valid Percent: 0.00%, IPv4: 1, IPv6: 0, Min Delay: -1 ms, Max Speed: 0.00 M/s, Avg Speed: 0.00 M/s, Max Resolution: None
Category: 🎬电影频道, Name: 寒战, Total: 1, Valid: 0, Valid Percent: 0.00%, IPv4: 1, IPv6: 0, Min Delay: -1 ms, Max Speed: 0.00 M/s, Avg Speed: 0.00 M/s, Max Resolution: None
Category: 🎬电影频道, Name: 我不是药神, Total: 1, Valid: 0, Valid Percent: 0.00%, IPv4: 1, IPv6: 0, Min Delay: -1 ms, Max Speed: 0.00 M/s, Avg Speed: 0.00 M/s, Max Resolution: None
Category: 🎬电影频道, Name: CHC电影, Total: 1, Valid: 1, Valid Percent: 100.00%, IPv4: 1, IPv6: 0, Min Delay: 10390 ms, Max Speed: 0.11 M/s, Avg Speed: 0.11 M/s, Max Resolution: 1920x1080
Category: 🎬电影频道, Name: 拆弹专家1, Total: 1, Valid: 0, Valid Percent: 0.00%, IPv4: 1, IPv6: 0, Min Delay: -1 ms, Max Speed: 0.00 M/s, Avg Speed: 0.00 M/s, Max Resolution: None
Category: 🎬电影频道, Name: 纬来电影, Total: 1, Valid: 0, Valid Percent: 0.00%, IPv4: 1, IPv6: 0, Min Delay: -1 ms, Max Speed: 0.00 M/s, Avg Speed: 0.00 M/s, Max Resolution: None
Category: 🎬电影频道, Name: 拆弹专家2, Total: 1, Valid: 0, Valid Percent: 0.00%, IPv4: 1, IPv6: 0, Min Delay: -1 ms, Max Speed: 0.00 M/s, Avg Speed: 0.00 M/s, Max Resolution: None
Category: 🎬电影频道, Name: 浙江教科影视, Total: 3, Valid: 3, Valid Percent: 100.00%, IPv4: 3, IPv6: 0, Min Delay: 1029 ms, Max Speed: 3.62 M/s, Avg Speed: 1.39 M/s, Max Resolution: 1920x1080
Category: 📡卫视频道, Name: 内蒙古卫视, Total: 11, Valid: 8, Valid Percent: 72.73%, IPv4: 11, IPv6: 0, Min Delay: 47 ms, Max Speed: 108.57 M/s, Avg Speed: 23.77 M/s, Max Resolution: 1920x1080
Category: 🎬电影频道, Name: 让子弹飞, Total: 1, Valid: 0, Valid Percent: 0.00%, IPv4: 1, IPv6: 0, Min Delay: -1 ms, Max Speed: 0.00 M/s, Avg Speed: 0.00 M/s, Max Resolution: None
Category: 🔢数字频道, Name: 南国都市, Total: 2, Valid: 2, Valid Percent: 100.00%, IPv4: 2, IPv6: 0, Min Delay: 1847 ms, Max Speed: 0.78 M/s, Avg Speed: 0.66 M/s, Max Resolution: 1920x1080
Category: 👶儿童频道, Name: 浙江少儿, Total: 3, Valid: 3, Valid Percent: 100.00%, IPv4: 3, IPv6: 0, Min Delay: 1039 ms, Max Speed: 0.35 M/s, Avg Speed: 0.30 M/s, Max Resolution: 1920x1080
Category: 👶儿童频道, Name: 南京少儿, Total: 1, Valid: 0, Valid Percent: 0.00%, IPv4: 1, IPv6: 0, Min Delay: -1 ms, Max Speed: 0.00 M/s, Avg Speed: 0.00 M/s, Max Resolution: None
Category: 📡卫视频道, Name: 黑龙江卫视, Total: 18, Valid: 12, Valid Percent: 66.67%, IPv4: 18, IPv6: 0, Min Delay: 473 ms, Max Speed: 9.32 M/s, Avg Speed: 1.15 M/s, Max Resolution: 1920x1080
Category: 🎬电影频道, Name: CHC家庭影院, Total: 8, Valid: 6, Valid Percent: 75.00%, IPv4: 8, IPv6: 0, Min Delay: 271 ms, Max Speed: 9.66 M/s, Avg Speed: 5.07 M/s, Max Resolution: 1920x1080
Category: 👶儿童频道, Name: 广东少儿, Total: 3, Valid: 2, Valid Percent: 66.67%, IPv4: 3, IPv6: 0, Min Delay: 10155 ms, Max Speed: 0.10 M/s, Avg Speed: 0.06 M/s, Max Resolution: 1920x1080
Category: 🎬电影频道, Name: IPTV经典电影, Total: 1, Valid: 0, Valid Percent: 0.00%, IPv4: 1, IPv6: 0, Min Delay: -1 ms, Max Speed: 0.00 M/s, Avg Speed: 0.00 M/s, Max Resolution: 1920x1080
Category: 🌍地方频道, Name: 安多卫视, Total: 1, Valid: 0, Valid Percent: 0.00%, IPv4: 1, IPv6: 0, Min Delay: -1 ms, Max Speed: 0.00 M/s, Avg Speed: 0.00 M/s, Max Resolution: None
Category: 🎬电影频道, Name: 安徽影视, Total: 1, Valid: 0, Valid Percent: 0.00%, IPv4: 1, IPv6: 0, Min Delay: -1 ms, Max Speed: 0.00 M/s, Avg Speed: 0.00 M/s, Max Resolution: None
Category: 🌍地方频道, Name: 广东珠江, Total: 5, Valid: 4, Valid Percent: 80.00%, IPv4: 5, IPv6: 0, Min Delay: 10048 ms, Max Speed: 0.09 M/s, Avg Speed: 0.06 M/s, Max Resolution: 1920x1080
Category: 🌍地方频道, Name: 厦门卫视, Total: 4, Valid: 3, Valid Percent: 75.00%, IPv4: 4, IPv6: 0, Min Delay: 6172 ms, Max Speed: 1.37 M/s, Avg Speed: 0.64 M/s, Max Resolution: 1920x1080
Category: 🌍地方频道, Name: 金鹰纪实, Total: 1, Valid: 0, Valid Percent: 0.00%, IPv4: 1, IPv6: 0, Min Delay: -1 ms, Max Speed: 0.00 M/s, Avg Speed: 0.00 M/s, Max Resolution: None
Category: 🌍地方频道, Name: 上海新闻综合, Total: 1, Valid: 0, Valid Percent: 0.00%, IPv4: 1, IPv6: 0, Min Delay: -1 ms, Max Speed: 0.00 M/s, Avg Speed: 0.00 M/s, Max Resolution: None
Category: 🌍地方频道, Name: 中华特产, Total: 1, Valid: 0, Valid Percent: 0.00%, IPv4: 1, IPv6: 0, Min Delay: -1 ms, Max Speed: 0.00 M/s, Avg Speed: 0.00 M/s, Max Resolution: None
Category: 👶儿童频道, Name: 黑龙江少儿, Total: 1, Valid: 0, Valid Percent: 0.00%, IPv4: 1, IPv6: 0, Min Delay: -1 ms, Max Speed: 0.00 M/s, Avg Speed: 0.00 M/s, Max Resolution: None
Category: 🌍地方频道, Name: 上海第一财经, Total: 2, Valid: 1, Valid Percent: 50.00%, IPv4: 2, IPv6: 0, Min Delay: 13 ms, Max Speed: 8.86 M/s, Avg Speed: 8.86 M/s, Max Resolution: None
Category: 🌍地方频道, Name: 广东体育, Total: 3, Valid: 3, Valid Percent: 100.00%, IPv4: 3, IPv6: 0, Min Delay: 10211 ms, Max Speed: 0.10 M/s, Avg Speed: 0.08 M/s, Max Resolution: 1920x1080
Category: 🌍地方频道, Name: 之江纪录, Total: 1, Valid: 1, Valid Percent: 100.00%, IPv4: 1, IPv6: 0, Min Delay: 1632 ms, Max Speed: 0.29 M/s, Avg Speed: 0.29 M/s, Max Resolution: 1920x1080
Category: 🌍地方频道, Name: 乐至综合, Total: 2, Valid: 2, Valid Percent: 100.00%, IPv4: 2, IPv6: 0, Min Delay: 3174 ms, Max Speed: 0.68 M/s, Avg Speed: 0.66 M/s, Max Resolution: 1920x1080
Category: 🌍地方频道, Name: 井研综合, Total: 1, Valid: 1, Valid Percent: 100.00%, IPv4: 1, IPv6: 0, Min Delay: 2112 ms, Max Speed: 0.12 M/s, Avg Speed: 0.12 M/s, Max Resolution: 1920x1080
Category: 🌍地方频道, Name: 快乐垂钓, Total: 3, Valid: 1, Valid Percent: 33.33%, IPv4: 3, IPv6: 0, Min Delay: 506 ms, Max Speed: 0.05 M/s, Avg Speed: 0.05 M/s, Max Resolution: 1920x1080
Category: 🌍地方频道, Name: 东丰综合, Total: 1, Valid: 1, Valid Percent: 100.00%, IPv4: 1, IPv6: 0, Min Delay: 542 ms, Max Speed: 0.06 M/s, Avg Speed: 0.06 M/s, Max Resolution: None
Category: 🌍地方频道, Name: 优优宝贝, Total: 1, Valid: 0, Valid Percent: 0.00%, IPv4: 1, IPv6: 0, Min Delay: -1 ms, Max Speed: 0.00 M/s, Avg Speed: 0.00 M/s, Max Resolution: None
Category: 🌍地方频道, Name: 伊犁哈萨克, Total: 2, Valid: 2, Valid Percent: 100.00%, IPv4: 2, IPv6: 0, Min Delay: 4092 ms, Max Speed: 0.87 M/s, Avg Speed: 0.80 M/s, Max Resolution: 1920x1080
Category: 👶儿童频道, Name: 金鹰卡通, Total: 3, Valid: 0, Valid Percent: 0.00%, IPv4: 3, IPv6: 0, Min Delay: 10063 ms, Max Speed: 0.00 M/s, Avg Speed: 0.00 M/s, Max Resolution: None
Category: 🌍地方频道, Name: 伊犁经济法制, Total: 2, Valid: 2, Valid Percent: 100.00%, IPv4: 2, IPv6: 0, Min Delay: 4487 ms, Max Speed: 1.09 M/s, Avg Speed: 1.08 M/s, Max Resolution: 1920x1080
Category: 🌍地方频道, Name: 内蒙经济, Total: 1, Valid: 0, Valid Percent: 0.00%, IPv4: 1, IPv6: 0, Min Delay: -1 ms, Max Speed: 0.00 M/s, Avg Speed: 0.00 M/s, Max Resolution: None
Category: 🌍地方频道, Name: 南通新闻综合, Total: 1, Valid: 0, Valid Percent: 0.00%, IPv4: 1, IPv6: 0, Min Delay: -1 ms, Max Speed: 0.00 M/s, Avg Speed: 0.00 M/s, Max Resolution: None
Category: 🌍地方频道, Name: 大湾区卫视, Total: 11, Valid: 7, Valid Percent: 63.64%, IPv4: 11, IPv6: 0, Min Delay: 479 ms, Max Speed: 10.59 M/s, Avg Speed: 4.59 M/s, Max Resolution: 1920x1080
Category: 🌍地方频道, Name: 叙州新闻综合, Total: 1, Valid: 0, Valid Percent: 0.00%, IPv4: 1, IPv6: 0, Min Delay: -1 ms, Max Speed: 0.00 M/s, Avg Speed: 0.00 M/s, Max Resolution: 1920x1080
Category: 🌍地方频道, Name: 北京新闻, Total: 1, Valid: 1, Valid Percent: 100.00%, IPv4: 1, IPv6: 0, Min Delay: 14 ms, Max Speed: 8.51 M/s, Avg Speed: 8.51 M/s, Max Resolution: None
Category: 🌍地方频道, Name: 伊犁维吾尔, Total: 2, Valid: 2, Valid Percent: 100.00%, IPv4: 2, IPv6: 0, Min Delay: 5117 ms, Max Speed: 0.86 M/s, Avg Speed: 0.78 M/s, Max Resolution: 1920x1080
Category: 🌍地方频道, Name: 叙永综合, Total: 1, Valid: 1, Valid Percent: 100.00%, IPv4: 1, IPv6: 0, Min Delay: 2079 ms, Max Speed: 0.46 M/s, Avg Speed: 0.46 M/s, Max Resolution: 1920x1080
Category: 🌍地方频道, Name: 双辽综合, Total: 1, Valid: 1, Valid Percent: 100.00%, IPv4: 1, IPv6: 0, Min Delay: 557 ms, Max Speed: 0.07 M/s, Avg Speed: 0.07 M/s, Max Resolution: None
Category: 🌍地方频道, Name: 可克达拉综合, Total: 1, Valid: 1, Valid Percent: 100.00%, IPv4: 1, IPv6: 0, Min Delay: 1547 ms, Max Speed: 0.12 M/s, Avg Speed: 0.12 M/s, Max Resolution: 1920x1080
Category: 🌍地方频道, Name: 吉林乡村, Total: 1, Valid: 1, Valid Percent: 100.00%, IPv4: 1, IPv6: 0, Min Delay: 12 ms, Max Speed: 9.43 M/s, Avg Speed: 9.43 M/s, Max Resolution: None
Category: 🌍地方频道, Name: 嘉兴新闻综合, Total: 1, Valid: 1, Valid Percent: 100.00%, IPv4: 1, IPv6: 0, Min Delay: 2122 ms, Max Speed: 0.12 M/s, Avg Speed: 0.12 M/s, Max Resolution: 1920x1080
Category: 🌍地方频道, Name: 哈密三套, Total: 1, Valid: 0, Valid Percent: 0.00%, IPv4: 1, IPv6: 0, Min Delay: -1 ms, Max Speed: 0.00 M/s, Avg Speed: 0.00 M/s, Max Resolution: 1920x1080
Category: 🌍地方频道, Name: 哈密一套, Total: 1, Valid: 0, Valid Percent: 0.00%, IPv4: 1, IPv6: 0, Min Delay: -1 ms, Max Speed: 0.00 M/s, Avg Speed: 0.00 M/s, Max Resolution: 1920x1080
Category: 🌍地方频道, Name: 什邡新闻, Total: 1, Valid: 0, Valid Percent: 0.00%, IPv4: 1, IPv6: 0, Min Delay: -1 ms, Max Speed: 0.00 M/s, Avg Speed: 0.00 M/s, Max Resolution: 1920x1080
Category: 🌍地方频道, Name: 固镇新闻, Total: 2, Valid: 2, Valid Percent: 100.00%, IPv4: 2, IPv6: 0, Min Delay: 1992 ms, Max Speed: 0.49 M/s, Avg Speed: 0.44 M/s, Max Resolution: 1920x1080
Category: 🌍地方频道, Name: 仁寿综合, Total: 1, Valid: 0, Valid Percent: 0.00%, IPv4: 1, IPv6: 0, Min Delay: -1 ms, Max Speed: 0.00 M/s, Avg Speed: 0.00 M/s, Max Resolution: None
Category: 🌍地方频道, Name: 哈密二套, Total: 1, Valid: 0, Valid Percent: 0.00%, IPv4: 1, IPv6: 0, Min Delay: -1 ms, Max Speed: 0.00 M/s, Avg Speed: 0.00 M/s, Max Resolution: 1920x1080
Category: 🌍地方频道, Name: 太谷新闻综合, Total: 3, Valid: 3, Valid Percent: 100.00%, IPv4: 3, IPv6: 0, Min Delay: 1417 ms, Max Speed: 0.63 M/s, Avg Speed: 0.58 M/s, Max Resolution: 1920x1080
Category: 🌍地方频道, Name: 宁夏经济, Total: 1, Valid: 0, Valid Percent: 0.00%, IPv4: 1, IPv6: 0, Min Delay: -1 ms, Max Speed: 0.00 M/s, Avg Speed: 0.00 M/s, Max Resolution: None
Category: 🌍地方频道, Name: 奎屯哈萨克语, Total: 2, Valid: 2, Valid Percent: 100.00%, IPv4: 2, IPv6: 0, Min Delay: 1325 ms, Max Speed: 0.09 M/s, Avg Speed: 0.09 M/s, Max Resolution: 1920x1080
Category: 🌍地方频道, Name: 安徽导视, Total: 1, Valid: 1, Valid Percent: 100.00%, IPv4: 1, IPv6: 0, Min Delay: 1428 ms, Max Speed: 0.23 M/s, Avg Speed: 0.23 M/s, Max Resolution: 1920x1080
Category: 🌍地方频道, Name: 天祝综合, Total: 1, Valid: 1, Valid Percent: 100.00%, IPv4: 1, IPv6: 0, Min Delay: 1044 ms, Max Speed: 0.06 M/s, Avg Speed: 0.06 M/s, Max Resolution: 1920x1080
Category: 🌍地方频道, Name: 兵团八师石河子新闻综合, Total: 1, Valid: 0, Valid Percent: 0.00%, IPv4: 1, IPv6: 0, Min Delay: -1 ms, Max Speed: 0.00 M/s, Avg Speed: 0.00 M/s, Max Resolution: None
Category: 🌍地方频道, Name: 大宁综合, Total: 1, Valid: 1, Valid Percent: 100.00%, IPv4: 1, IPv6: 0, Min Delay: 1283 ms, Max Speed: 0.06 M/s, Avg Speed: 0.06 M/s, Max Resolution: None
Category: 🌍地方频道, Name: 平遥新闻综合, Total: 1, Valid: 0, Valid Percent: 0.00%, IPv4: 1, IPv6: 0, Min Delay: -1 ms, Max Speed: 0.00 M/s, Avg Speed: 0.00 M/s, Max Resolution: 1920x1080
Category: 🌍地方频道, Name: 广西新闻, Total: 1, Valid: 1, Valid Percent: 100.00%, IPv4: 1, IPv6: 0, Min Delay: 491 ms, Max Speed: 9.39 M/s, Avg Speed: 9.39 M/s, Max Resolution: 1920x1080
Category: 🌍地方频道, Name: 北京生活, Total: 1, Valid: 0, Valid Percent: 0.00%, IPv4: 1, IPv6: 0, Min Delay: -1 ms, Max Speed: 0.00 M/s, Avg Speed: 0.00 M/s, Max Resolution: None
Category: 🌍地方频道, Name: 易门综合, Total: 1, Valid: 1, Valid Percent: 100.00%, IPv4: 1, IPv6: 0, Min Delay: 1268 ms, Max Speed: 0.12 M/s, Avg Speed: 0.12 M/s, Max Resolution: 1920x1080
Category: 🌍地方频道, Name: 四海钓鱼, Total: 2, Valid: 0, Valid Percent: 0.00%, IPv4: 2, IPv6: 0, Min Delay: 10751 ms, Max Speed: 0.00 M/s, Avg Speed: 0.00 M/s, Max Resolution: 1920x1080
Category: 🌍地方频道, Name: 周口扶沟, Total: 1, Valid: 0, Valid Percent: 0.00%, IPv4: 1, IPv6: 0, Min Delay: -1 ms, Max Speed: 0.00 M/s, Avg Speed: 0.00 M/s, Max Resolution: 1920x1080
Category: 🌍地方频道, Name: 新闻综合, Total: 1, Valid: 1, Valid Percent: 100.00%, IPv4: 1, IPv6: 0, Min Delay: 2309 ms, Max Speed: 0.54 M/s, Avg Speed: 0.54 M/s, Max Resolution: 1920x1080
Category: 🌍地方频道, Name: 广州综合, Total: 2, Valid: 2, Valid Percent: 100.00%, IPv4: 2, IPv6: 0, Min Delay: 1513 ms, Max Speed: 0.41 M/s, Avg Speed: 0.36 M/s, Max Resolution: 1280x720
Category: 🌍地方频道, Name: 广东民生, Total: 2, Valid: 1, Valid Percent: 50.00%, IPv4: 2, IPv6: 0, Min Delay: 10095 ms, Max Speed: 0.03 M/s, Avg Speed: 0.03 M/s, Max Resolution: 1920x1080
Category: 🌍地方频道, Name: 柳河综合, Total: 1, Valid: 1, Valid Percent: 100.00%, IPv4: 1, IPv6: 0, Min Delay: 557 ms, Max Speed: 0.07 M/s, Avg Speed: 0.07 M/s, Max Resolution: None
Category: 🌍地方频道, Name: 桦甸综合, Total: 1, Valid: 1, Valid Percent: 100.00%, IPv4: 1, IPv6: 0, Min Delay: 537 ms, Max Speed: 0.07 M/s, Avg Speed: 0.07 M/s, Max Resolution: None
Category: 🌍地方频道, Name: 梨园, Total: 1, Valid: 1, Valid Percent: 100.00%, IPv4: 1, IPv6: 0, Min Delay: 2823 ms, Max Speed: 0.68 M/s, Avg Speed: 0.68 M/s, Max Resolution: 1920x1080
Category: 🌍地方频道, Name: 梅河口综合, Total: 1, Valid: 1, Valid Percent: 100.00%, IPv4: 1, IPv6: 0, Min Delay: 536 ms, Max Speed: 0.06 M/s, Avg Speed: 0.06 M/s, Max Resolution: None
Category: 🌍地方频道, Name: 沐川综合, Total: 1, Valid: 0, Valid Percent: 0.00%, IPv4: 1, IPv6: 0, Min Delay: -1 ms, Max Speed: 0.00 M/s, Avg Speed: 0.00 M/s, Max Resolution: 1920x1080
Category: 🌍地方频道, Name: 江苏教育, Total: 1, Valid: 0, Valid Percent: 0.00%, IPv4: 1, IPv6: 0, Min Delay: -1 ms, Max Speed: 0.00 M/s, Avg Speed: 0.00 M/s, Max Resolution: None
Category: 🌍地方频道, Name: 永昌综合, Total: 1, Valid: 1, Valid Percent: 100.00%, IPv4: 1, IPv6: 0, Min Delay: 1687 ms, Max Speed: 0.40 M/s, Avg Speed: 0.40 M/s, Max Resolution: 1920x1080
Category: 🌍地方频道, Name: 汾西综合, Total: 1, Valid: 1, Valid Percent: 100.00%, IPv4: 1, IPv6: 0, Min Delay: 1809 ms, Max Speed: 0.40 M/s, Avg Speed: 0.40 M/s, Max Resolution: 1920x1080
Category: 🌍地方频道, Name: 来宾综合, Total: 1, Valid: 1, Valid Percent: 100.00%, IPv4: 1, IPv6: 0, Min Delay: 10007 ms, Max Speed: 0.30 M/s, Avg Speed: 0.30 M/s, Max Resolution: 1920x1080
Category: 🌍地方频道, Name: 浙江公共新闻, Total: 2, Valid: 2, Valid Percent: 100.00%, IPv4: 2, IPv6: 0, Min Delay: 1014 ms, Max Speed: 0.19 M/s, Avg Speed: 0.18 M/s, Max Resolution: 1920x1080
Category: 🌍地方频道, Name: 河北都市, Total: 2, Valid: 2, Valid Percent: 100.00%, IPv4: 2, IPv6: 0, Min Delay: 845 ms, Max Speed: 0.35 M/s, Avg Speed: 0.23 M/s, Max Resolution: 960x540
Category: 🌍地方频道, Name: 夹江新闻综合, Total: 1, Valid: 0, Valid Percent: 0.00%, IPv4: 1, IPv6: 0, Min Delay: -1 ms, Max Speed: 0.00 M/s, Avg Speed: 0.00 M/s, Max Resolution: None
Category: 🌍地方频道, Name: 浙江国际, Total: 3, Valid: 3, Valid Percent: 100.00%, IPv4: 3, IPv6: 0, Min Delay: 1039 ms, Max Speed: 0.42 M/s, Avg Speed: 0.32 M/s, Max Resolution: 1920x1080
Category: 🌍地方频道, Name: 江津新闻综合, Total: 2, Valid: 2, Valid Percent: 100.00%, IPv4: 2, IPv6: 0, Min Delay: 10110 ms, Max Speed: 0.07 M/s, Avg Speed: 0.06 M/s, Max Resolution: 1920x1080
Category: 🌍地方频道, Name: 安徽综艺体育, Total: 2, Valid: 0, Valid Percent: 0.00%, IPv4: 2, IPv6: 0, Min Delay: -1 ms, Max Speed: 0.00 M/s, Avg Speed: 0.00 M/s, Max Resolution: 1920x1080
Category: 🌍地方频道, Name: 常熟民生, Total: 1, Valid: 0, Valid Percent: 0.00%, IPv4: 1, IPv6: 0, Min Delay: -1 ms, Max Speed: 0.00 M/s, Avg Speed: 0.00 M/s, Max Resolution: None
Category: 🌍地方频道, Name: 浙江新闻, Total: 3, Valid: 3, Valid Percent: 100.00%, IPv4: 3, IPv6: 0, Min Delay: 1662 ms, Max Speed: 1.15 M/s, Avg Speed: 0.62 M/s, Max Resolution: 1920x1080
Category: 🌍地方频道, Name: 淮安新闻综合, Total: 1, Valid: 0, Valid Percent: 0.00%, IPv4: 1, IPv6: 0, Min Delay: -1 ms, Max Speed: 0.00 M/s, Avg Speed: 0.00 M/s, Max Resolution: None
Category: 🌍地方频道, Name: 溧水新闻综合, Total: 1, Valid: 0, Valid Percent: 0.00%, IPv4: 1, IPv6: 0, Min Delay: -1 ms, Max Speed: 0.00 M/s, Avg Speed: 0.00 M/s, Max Resolution: None
Category: 🌍地方频道, Name: 浙江经济生活, Total: 2, Valid: 1, Valid Percent: 50.00%, IPv4: 2, IPv6: 0, Min Delay: 1711 ms, Max Speed: 1.01 M/s, Avg Speed: 1.01 M/s, Max Resolution: 1920x1080
Category: 🌍地方频道, Name: 滨海新闻综合, Total: 1, Valid: 0, Valid Percent: 0.00%, IPv4: 1, IPv6: 0, Min Delay: -1 ms, Max Speed: 0.00 M/s, Avg Speed: 0.00 M/s, Max Resolution: 1920x1080
Category: 🌍地方频道, Name: 浙江钱江都市, Total: 1, Valid: 1, Valid Percent: 100.00%, IPv4: 1, IPv6: 0, Min Delay: 1773 ms, Max Speed: 1.01 M/s, Avg Speed: 1.01 M/s, Max Resolution: 1920x1080
Category: 🌍地方频道, Name: 浙江民生, Total: 5, Valid: 5, Valid Percent: 100.00%, IPv4: 5, IPv6: 0, Min Delay: 1044 ms, Max Speed: 0.32 M/s, Avg Speed: 0.26 M/s, Max Resolution: 1920x1080
Category: 🌍地方频道, Name: 浙江经济, Total: 4, Valid: 4, Valid Percent: 100.00%, IPv4: 4, IPv6: 0, Min Delay: 1097 ms, Max Speed: 0.35 M/s, Avg Speed: 0.27 M/s, Max Resolution: 1920x1080
Category: 🌍地方频道, Name: 浙江钱江, Total: 2, Valid: 2, Valid Percent: 100.00%, IPv4: 2, IPv6: 0, Min Delay: 1613 ms, Max Speed: 0.36 M/s, Avg Speed: 0.34 M/s, Max Resolution: 1920x1080
Category: 🌍地方频道, Name: 甘肃经济, Total: 1, Valid: 1, Valid Percent: 100.00%, IPv4: 1, IPv6: 0, Min Delay: 13 ms, Max Speed: 8.04 M/s, Avg Speed: 8.04 M/s, Max Resolution: None
Category: 🌍地方频道, Name: 甘肃都市, Total: 1, Valid: 1, Valid Percent: 100.00%, IPv4: 1, IPv6: 0, Min Delay: 12 ms, Max Speed: 8.45 M/s, Avg Speed: 8.45 M/s, Max Resolution: None
Category: 🌍地方频道, Name: 泗阳综合, Total: 1, Valid: 0, Valid Percent: 0.00%, IPv4: 1, IPv6: 0, Min Delay: -1 ms, Max Speed: 0.00 M/s, Avg Speed: 0.00 M/s, Max Resolution: 1920x1080
Category: 🌍地方频道, Name: 生态环境, Total: 1, Valid: 0, Valid Percent: 0.00%, IPv4: 1, IPv6: 0, Min Delay: -1 ms, Max Speed: 0.00 M/s, Avg Speed: 0.00 M/s, Max Resolution: None
Category: 🌍地方频道, Name: 甘南综合, Total: 1, Valid: 0, Valid Percent: 0.00%, IPv4: 1, IPv6: 0, Min Delay: -1 ms, Max Speed: 0.00 M/s, Avg Speed: 0.00 M/s, Max Resolution: 1920x1080
Category: 🌍地方频道, Name: 盈江综合, Total: 1, Valid: 0, Valid Percent: 0.00%, IPv4: 1, IPv6: 0, Min Delay: -1 ms, Max Speed: 0.00 M/s, Avg Speed: 0.00 M/s, Max Resolution: None
Category: 🌍地方频道, Name: 白银综合, Total: 1, Valid: 1, Valid Percent: 100.00%, IPv4: 1, IPv6: 0, Min Delay: 1210 ms, Max Speed: 0.24 M/s, Avg Speed: 0.24 M/s, Max Resolution: 1920x1080
Category: 🌍地方频道, Name: 璧山综合, Total: 1, Valid: 1, Valid Percent: 100.00%, IPv4: 1, IPv6: 0, Min Delay: 8945 ms, Max Speed: 0.43 M/s, Avg Speed: 0.43 M/s, Max Resolution: 1920x1080
Category: 🌍地方频道, Name: 磐石综合, Total: 1, Valid: 1, Valid Percent: 100.00%, IPv4: 1, IPv6: 0, Min Delay: 551 ms, Max Speed: 0.07 M/s, Avg Speed: 0.07 M/s, Max Resolution: None
Category: 🌍地方频道, Name: 福建新闻, Total: 2, Valid: 1, Valid Percent: 50.00%, IPv4: 2, IPv6: 0, Min Delay: 7 ms, Max Speed: 13.31 M/s, Avg Speed: 13.31 M/s, Max Resolution: None
Category: 🌍地方频道, Name: 福建经济, Total: 2, Valid: 1, Valid Percent: 50.00%, IPv4: 2, IPv6: 0, Min Delay: 9 ms, Max Speed: 11.52 M/s, Avg Speed: 11.52 M/s, Max Resolution: None
Category: 🌍地方频道, Name: 环球旅游, Total: 2, Valid: 0, Valid Percent: 0.00%, IPv4: 2, IPv6: 0, Min Delay: 10837 ms, Max Speed: 0.00 M/s, Avg Speed: 0.00 M/s, Max Resolution: 1920x1080
Category: 🌍地方频道, Name: 腾冲综合, Total: 1, Valid: 0, Valid Percent: 0.00%, IPv4: 1, IPv6: 0, Min Delay: -1 ms, Max Speed: 0.00 M/s, Avg Speed: 0.00 M/s, Max Resolution: None
Category: 🌍地方频道, Name: 芒市综合, Total: 1, Valid: 0, Valid Percent: 0.00%, IPv4: 1, IPv6: 0, Min Delay: -1 ms, Max Speed: 0.00 M/s, Avg Speed: 0.00 M/s, Max Resolution: None
Category: 🌍地方频道, Name: 烟台公共, Total: 1, Valid: 0, Valid Percent: 0.00%, IPv4: 1, IPv6: 0, Min Delay: -1 ms, Max Speed: 0.00 M/s, Avg Speed: 0.00 M/s, Max Resolution: None
Category: 🌍地方频道, Name: 淅川电视, Total: 1, Valid: 0, Valid Percent: 0.00%, IPv4: 1, IPv6: 0, Min Delay: -1 ms, Max Speed: 0.00 M/s, Avg Speed: 0.00 M/s, Max Resolution: 1920x1080
Category: 🌍地方频道, Name: 苏州新闻综合, Total: 1, Valid: 1, Valid Percent: 100.00%, IPv4: 1, IPv6: 0, Min Delay: 880 ms, Max Speed: 0.99 M/s, Avg Speed: 0.99 M/s, Max Resolution: 1920x1080
Category: 🌍地方频道, Name: 烟台新闻综合, Total: 1, Valid: 0, Valid Percent: 0.00%, IPv4: 1, IPv6: 0, Min Delay: -1 ms, Max Speed: 0.00 M/s, Avg Speed: 0.00 M/s, Max Resolution: None
Category: 🌍地方频道, Name: 赣州公共, Total: 1, Valid: 0, Valid Percent: 0.00%, IPv4: 1, IPv6: 0, Min Delay: -1 ms, Max Speed: 0.00 M/s, Avg Speed: 0.00 M/s, Max Resolution: 1920x1080
Category: 🌍地方频道, Name: 赣州新闻, Total: 1, Valid: 0, Valid Percent: 0.00%, IPv4: 1, IPv6: 0, Min Delay: -1 ms, Max Speed: 0.00 M/s, Avg Speed: 0.00 M/s, Max Resolution: 1920x1080
Category: 🌍地方频道, Name: 烟台经济科技, Total: 1, Valid: 0, Valid Percent: 0.00%, IPv4: 1, IPv6: 0, Min Delay: -1 ms, Max Speed: 0.00 M/s, Avg Speed: 0.00 M/s, Max Resolution: None
Category: 🌍地方频道, Name: 荥经综合, Total: 1, Valid: 1, Valid Percent: 100.00%, IPv4: 1, IPv6: 0, Min Delay: 1986 ms, Max Speed: 0.38 M/s, Avg Speed: 0.38 M/s, Max Resolution: 1920x1080
Category: 🌍地方频道, Name: 车迷频道, Total: 1, Valid: 0, Valid Percent: 0.00%, IPv4: 1, IPv6: 0, Min Delay: -1 ms, Max Speed: 0.00 M/s, Avg Speed: 0.00 M/s, Max Resolution: None
Category: 🌍地方频道, Name: 象山综合, Total: 1, Valid: 1, Valid Percent: 100.00%, IPv4: 1, IPv6: 0, Min Delay: 1879 ms, Max Speed: 1.68 M/s, Avg Speed: 1.68 M/s, Max Resolution: 1920x1080
Category: 🌍地方频道, Name: 甘孜综合, Total: 1, Valid: 0, Valid Percent: 0.00%, IPv4: 1, IPv6: 0, Min Delay: -1 ms, Max Speed: 0.00 M/s, Avg Speed: 0.00 M/s, Max Resolution: None
Category: 🌍地方频道, Name: 秦安综合, Total: 1, Valid: 0, Valid Percent: 0.00%, IPv4: 1, IPv6: 0, Min Delay: -1 ms, Max Speed: 0.00 M/s, Avg Speed: 0.00 M/s, Max Resolution: 1920x1080
Category: 🌍地方频道, Name: 辽宁北方, Total: 2, Valid: 1, Valid Percent: 50.00%, IPv4: 2, IPv6: 0, Min Delay: 10113 ms, Max Speed: 0.04 M/s, Avg Speed: 0.04 M/s, Max Resolution: 1920x1080
Category: 🌍地方频道, Name: 番禺综合, Total: 1, Valid: 0, Valid Percent: 0.00%, IPv4: 1, IPv6: 0, Min Delay: -1 ms, Max Speed: 0.00 M/s, Avg Speed: 0.00 M/s, Max Resolution: 1920x1080
Category: 🌍地方频道, Name: 连云港新闻综合, Total: 1, Valid: 0, Valid Percent: 0.00%, IPv4: 1, IPv6: 0, Min Delay: -1 ms, Max Speed: 0.00 M/s, Avg Speed: 0.00 M/s, Max Resolution: None
Category: 🌍地方频道, Name: 通化县综合, Total: 1, Valid: 1, Valid Percent: 100.00%, IPv4: 1, IPv6: 0, Min Delay: 587 ms, Max Speed: 0.05 M/s, Avg Speed: 0.05 M/s, Max Resolution: None
Category: 🌍地方频道, Name: 第一财经, Total: 3, Valid: 1, Valid Percent: 33.33%, IPv4: 3, IPv6: 0, Min Delay: 8 ms, Max Speed: 12.17 M/s, Avg Speed: 12.17 M/s, Max Resolution: None
Category: 🌍地方频道, Name: 辽宁公共, Total: 3, Valid: 1, Valid Percent: 33.33%, IPv4: 3, IPv6: 0, Min Delay: 8728 ms, Max Speed: 0.14 M/s, Avg Speed: 0.14 M/s, Max Resolution: 1920x1080
Category: 🌍地方频道, Name: 通海电视台, Total: 1, Valid: 1, Valid Percent: 100.00%, IPv4: 1, IPv6: 0, Min Delay: 1427 ms, Max Speed: 0.13 M/s, Avg Speed: 0.13 M/s, Max Resolution: 1920x1080
Category: 🌍地方频道, Name: 辽宁生活, Total: 2, Valid: 1, Valid Percent: 50.00%, IPv4: 2, IPv6: 0, Min Delay: 10551 ms, Max Speed: 0.07 M/s, Avg Speed: 0.07 M/s, Max Resolution: 1920x1080
Category: 🌍地方频道, Name: 金川新闻综合, Total: 2, Valid: 2, Valid Percent: 100.00%, IPv4: 2, IPv6: 0, Min Delay: 495 ms, Max Speed: 0.00 M/s, Avg Speed: 0.00 M/s, Max Resolution: 1920x1080
Category: 🌍地方频道, Name: 辽宁经济, Total: 3, Valid: 1, Valid Percent: 33.33%, IPv4: 3, IPv6: 0, Min Delay: 10124 ms, Max Speed: 0.03 M/s, Avg Speed: 0.03 M/s, Max Resolution: 1920x1080
Category: 🌍地方频道, Name: 镇江二套社会民生, Total: 1, Valid: 1, Valid Percent: 100.00%, IPv4: 1, IPv6: 0, Min Delay: 1184 ms, Max Speed: 0.28 M/s, Avg Speed: 0.28 M/s, Max Resolution: 1920x1080
Category: 🌍地方频道, Name: 镇江新闻综合, Total: 2, Valid: 1, Valid Percent: 50.00%, IPv4: 2, IPv6: 0, Min Delay: 1099 ms, Max Speed: 0.12 M/s, Avg Speed: 0.12 M/s, Max Resolution: 1920x1080
Category: 🌍地方频道, Name: 长宁综合, Total: 1, Valid: 0, Valid Percent: 0.00%, IPv4: 1, IPv6: 0, Min Delay: -1 ms, Max Speed: 0.00 M/s, Avg Speed: 0.00 M/s, Max Resolution: 1920x1080
Category: 🌍地方频道, Name: 黎城综合, Total: 1, Valid: 0, Valid Percent: 0.00%, IPv4: 1, IPv6: 0, Min Delay: -1 ms, Max Speed: 0.00 M/s, Avg Speed: 0.00 M/s, Max Resolution: 1920x1080
Category: 🌍地方频道, Name: 青川综合, Total: 1, Valid: 1, Valid Percent: 100.00%, IPv4: 1, IPv6: 0, Min Delay: 3019 ms, Max Speed: 0.51 M/s, Avg Speed: 0.51 M/s, Max Resolution: 1920x1080
Category: 🌍地方频道, Name: 雅安新闻综合, Total: 1, Valid: 1, Valid Percent: 100.00%, IPv4: 1, IPv6: 0, Min Delay: 2219 ms, Max Speed: 0.71 M/s, Avg Speed: 0.71 M/s, Max Resolution: 1920x1080
Category: 🌍地方频道, Name: 靖宇综合, Total: 1, Valid: 1, Valid Percent: 100.00%, IPv4: 1, IPv6: 0, Min Delay: 533 ms, Max Speed: 0.07 M/s, Avg Speed: 0.07 M/s, Max Resolution: None
Category: ⚽体育频道, Name: 睛彩广场舞, Total: 1, Valid: 0, Valid Percent: 0.00%, IPv4: 1, IPv6: 0, Min Delay: -1 ms, Max Speed: 0.00 M/s, Avg Speed: 0.00 M/s, Max Resolution: None
Category: 🌍地方频道, Name: 龙井综合, Total: 1, Valid: 1, Valid Percent: 100.00%, IPv4: 1, IPv6: 0, Min Delay: 517 ms, Max Speed: 0.07 M/s, Avg Speed: 0.07 M/s, Max Resolution: None
Category: 🌍地方频道, Name: 辽宁都市, Total: 2, Valid: 1, Valid Percent: 50.00%, IPv4: 2, IPv6: 0, Min Delay: 10194 ms, Max Speed: 0.04 M/s, Avg Speed: 0.04 M/s, Max Resolution: 1920x1080
Category: 🎵音乐频道, Name: 音乐现场, Total: 2, Valid: 2, Valid Percent: 100.00%, IPv4: 2, IPv6: 0, Min Delay: 8 ms, Max Speed: 12.21 M/s, Avg Speed: 10.72 M/s, Max Resolution: None
Category: 🎉春晚频道, Name: 2025年春晚, Total: 2, Valid: 0, Valid Percent: 0.00%, IPv4: 2, IPv6: 0, Min Delay: -1 ms, Max Speed: 0.00 M/s, Avg Speed: 0.00 M/s, Max Resolution: 1920x1080
Category: 🗺️直播中国, Name: 丽江古城万古楼遥望玉龙雪山, Total: 1, Valid: 1, Valid Percent: 100.00%, IPv4: 1, IPv6: 0, Min Delay: 1901 ms, Max Speed: 0.19 M/s, Avg Speed: 0.19 M/s, Max Resolution: 1920x1080
Category: 🗺️直播中国, Name: 丽江古城大研花巷观景, Total: 1, Valid: 1, Valid Percent: 100.00%, IPv4: 1, IPv6: 0, Min Delay: 2236 ms, Max Speed: 0.27 M/s, Avg Speed: 0.27 M/s, Max Resolution: 1920x1080
Category: 🗺️直播中国, Name: 中央电视塔东, Total: 1, Valid: 1, Valid Percent: 100.00%, IPv4: 1, IPv6: 0, Min Delay: 2483 ms, Max Speed: 0.28 M/s, Avg Speed: 0.28 M/s, Max Resolution: 1920x1080
Category: 🗺️直播中国, Name: 乌镇全景, Total: 1, Valid: 1, Valid Percent: 100.00%, IPv4: 1, IPv6: 0, Min Delay: 1890 ms, Max Speed: 0.20 M/s, Avg Speed: 0.20 M/s, Max Resolution: 1920x1080
Category: 🗺️直播中国, Name: 乐山大佛全景, Total: 1, Valid: 0, Valid Percent: 0.00%, IPv4: 1, IPv6: 0, Min Delay: -1 ms, Max Speed: 0.00 M/s, Avg Speed: 0.00 M/s, Max Resolution: 1920x1080
Category: 🗺️直播中国, Name: 云南丽江印象实景, Total: 1, Valid: 1, Valid Percent: 100.00%, IPv4: 1, IPv6: 0, Min Delay: 2153 ms, Max Speed: 0.28 M/s, Avg Speed: 0.28 M/s, Max Resolution: 1920x1080
Category: 🌍地方频道, Name: 长影频道, Total: 1, Valid: 1, Valid Percent: 100.00%, IPv4: 1, IPv6: 0, Min Delay: 10440 ms, Max Speed: 0.04 M/s, Avg Speed: 0.04 M/s, Max Resolution: 1920x1080
Category: 🗺️直播中国, Name: 云南白沙远眺玉龙雪山, Total: 1, Valid: 1, Valid Percent: 100.00%, IPv4: 1, IPv6: 0, Min Delay: 1995 ms, Max Speed: 0.29 M/s, Avg Speed: 0.29 M/s, Max Resolution: 1920x1080
Category: 🗺️直播中国, Name: 云南丽江玉龙雪山草甸, Total: 1, Valid: 1, Valid Percent: 100.00%, IPv4: 1, IPv6: 0, Min Delay: 2603 ms, Max Speed: 0.37 M/s, Avg Speed: 0.37 M/s, Max Resolution: 1920x1080
Category: 🗺️直播中国, Name: 八里沟风景区天界山玻璃栈道, Total: 1, Valid: 1, Valid Percent: 100.00%, IPv4: 1, IPv6: 0, Min Delay: 2252 ms, Max Speed: 0.29 M/s, Avg Speed: 0.29 M/s, Max Resolution: 1920x1080
Category: 🗺️直播中国, Name: 五彩池, Total: 1, Valid: 1, Valid Percent: 100.00%, IPv4: 1, IPv6: 0, Min Delay: 3577 ms, Max Speed: 0.75 M/s, Avg Speed: 0.75 M/s, Max Resolution: 1920x1080
Category: 🗺️直播中国, Name: 八里沟风景区桃花湾瀑布, Total: 1, Valid: 1, Valid Percent: 100.00%, IPv4: 1, IPv6: 0, Min Delay: 1709 ms, Max Speed: 0.16 M/s, Avg Speed: 0.16 M/s, Max Resolution: 1920x1080
Category: 🗺️直播中国, Name: 厦门鼓浪屿, Total: 1, Valid: 1, Valid Percent: 100.00%, IPv4: 1, IPv6: 0, Min Delay: 2324 ms, Max Speed: 0.31 M/s, Avg Speed: 0.31 M/s, Max Resolution: 1920x1080
Category: 🗺️直播中国, Name: 四川四姑娘山隆珠措, Total: 1, Valid: 1, Valid Percent: 100.00%, IPv4: 1, IPv6: 0, Min Delay: 2477 ms, Max Speed: 0.31 M/s, Avg Speed: 0.31 M/s, Max Resolution: 1920x1080
Category: 🗺️直播中国, Name: 广西玉林大容山莲花山顶, Total: 1, Valid: 1, Valid Percent: 100.00%, IPv4: 1, IPv6: 0, Min Delay: 2157 ms, Max Speed: 0.25 M/s, Avg Speed: 0.25 M/s, Max Resolution: 1920x1080
Category: 🗺️直播中国, Name: 四川峨眉山普贤菩萨铜像, Total: 1, Valid: 1, Valid Percent: 100.00%, IPv4: 1, IPv6: 0, Min Delay: 2429 ms, Max Speed: 0.34 M/s, Avg Speed: 0.34 M/s, Max Resolution: 1920x1080
Category: 🗺️直播中国, Name: 恒山悬空寺全景, Total: 1, Valid: 1, Valid Percent: 100.00%, IPv4: 1, IPv6: 0, Min Delay: 1994 ms, Max Speed: 0.26 M/s, Avg Speed: 0.26 M/s, Max Resolution: 1920x1080
Category: 🗺️直播中国, Name: 普陀山, Total: 1, Valid: 1, Valid Percent: 100.00%, IPv4: 1, IPv6: 0, Min Delay: 1724 ms, Max Speed: 0.21 M/s, Avg Speed: 0.21 M/s, Max Resolution: 1920x1080
Category: 🗺️直播中国, Name: 泰山十八盘, Total: 1, Valid: 1, Valid Percent: 100.00%, IPv4: 1, IPv6: 0, Min Delay: 1223 ms, Max Speed: 0.12 M/s, Avg Speed: 0.12 M/s, Max Resolution: 1920x1080
Category: 🗺️直播中国, Name: 江苏徐州云龙湖风景区云龙山观景台西, Total: 1, Valid: 1, Valid Percent: 100.00%, IPv4: 1, IPv6: 0, Min Delay: 2278 ms, Max Speed: 0.36 M/s, Avg Speed: 0.36 M/s, Max Resolution: 1920x1080
Category: 🗺️直播中国, Name: 泰山大观峰, Total: 1, Valid: 1, Valid Percent: 100.00%, IPv4: 1, IPv6: 0, Min Delay: 2495 ms, Max Speed: 0.31 M/s, Avg Speed: 0.31 M/s, Max Resolution: 1920x1080
Category: 🗺️直播中国, Name: 月牙泉, Total: 1, Valid: 1, Valid Percent: 100.00%, IPv4: 1, IPv6: 0, Min Delay: 2994 ms, Max Speed: 0.58 M/s, Avg Speed: 0.58 M/s, Max Resolution: 1920x1080
Category: 🌍地方频道, Name: 都市剧场, Total: 2, Valid: 1, Valid Percent: 50.00%, IPv4: 2, IPv6: 0, Min Delay: 12 ms, Max Speed: 9.40 M/s, Avg Speed: 9.40 M/s, Max Resolution: None
Category: 🗺️直播中国, Name: 湖南张家界天门山西线玻璃栈道, Total: 1, Valid: 1, Valid Percent: 100.00%, IPv4: 1, IPv6: 0, Min Delay: 2472 ms, Max Speed: 0.43 M/s, Avg Speed: 0.43 M/s, Max Resolution: 1920x1080
Category: 🗺️直播中国, Name: 泰山玉皇顶, Total: 1, Valid: 1, Valid Percent: 100.00%, IPv4: 1, IPv6: 0, Min Delay: 3446 ms, Max Speed: 0.63 M/s, Avg Speed: 0.63 M/s, Max Resolution: 1920x1080
Category: 🗺️直播中国, Name: 湖南张家界水绕四门, Total: 1, Valid: 1, Valid Percent: 100.00%, IPv4: 1, IPv6: 0, Min Delay: 2248 ms, Max Speed: 0.32 M/s, Avg Speed: 0.32 M/s, Max Resolution: 1920x1080
Category: 🗺️直播中国, Name: 雪乡梦幻家园, Total: 1, Valid: 0, Valid Percent: 0.00%, IPv4: 1, IPv6: 0, Min Delay: -1 ms, Max Speed: 0.00 M/s, Avg Speed: 0.00 M/s, Max Resolution: 1920x1080
Category: 🗺️直播中国, Name: 福建漳州醉美沙滩翡翠湾, Total: 1, Valid: 1, Valid Percent: 100.00%, IPv4: 1, IPv6: 0, Min Delay: 2185 ms, Max Speed: 0.32 M/s, Avg Speed: 0.32 M/s, Max Resolution: 1920x1080
Category: 🗺️直播中国, Name: 雪乡大石碑, Total: 1, Valid: 1, Valid Percent: 100.00%, IPv4: 1, IPv6: 0, Min Delay: 2229 ms, Max Speed: 0.30 M/s, Avg Speed: 0.30 M/s, Max Resolution: 1920x1080
Category: 🌍地方频道, Name: 麻栗坡电视台, Total: 1, Valid: 0, Valid Percent: 0.00%, IPv4: 1, IPv6: 0, Min Delay: -1 ms, Max Speed: 0.00 M/s, Avg Speed: 0.00 M/s, Max Resolution: 1920x1080
Category: 🗺️直播中国, Name: 黄山飞来石, Total: 1, Valid: 1, Valid Percent: 100.00%, IPv4: 1, IPv6: 0, Min Delay: 2031 ms, Max Speed: 0.20 M/s, Avg Speed: 0.20 M/s, Max Resolution: 1920x1080
Category: 🗺️直播中国, Name: 黄山, Total: 1, Valid: 1, Valid Percent: 100.00%, IPv4: 1, IPv6: 0, Min Delay: 2400 ms, Max Speed: 0.50 M/s, Avg Speed: 0.50 M/s, Max Resolution: 1920x1080
Category: ⚽体育频道, Name: 五星体育, Total: 3, Valid: 0, Valid Percent: 0.00%, IPv4: 3, IPv6: 0, Min Delay: -1 ms, Max Speed: 0.00 M/s, Avg Speed: 0.00 M/s, Max Resolution: None
Category: 📝纪录频道, Name: 文山州新闻, Total: 1, Valid: 0, Valid Percent: 0.00%, IPv4: 1, IPv6: 0, Min Delay: -1 ms, Max Speed: 0.00 M/s, Avg Speed: 0.00 M/s, Max Resolution: 1920x1080
Category: 🗺️直播中国, Name: 黄龙, Total: 1, Valid: 1, Valid Percent: 100.00%, IPv4: 1, IPv6: 0, Min Delay: 2226 ms, Max Speed: 0.30 M/s, Avg Speed: 0.30 M/s, Max Resolution: 1920x1080
Category: 🗺️直播中国, Name: 黄花城水长城03, Total: 1, Valid: 1, Valid Percent: 100.00%, IPv4: 1, IPv6: 0, Min Delay: 2503 ms, Max Speed: 0.39 M/s, Avg Speed: 0.39 M/s, Max Resolution: 1920x1080
Category: 🗺️直播中国, Name: 黄果树六角亭瀑布, Total: 1, Valid: 1, Valid Percent: 100.00%, IPv4: 1, IPv6: 0, Min Delay: 3042 ms, Max Speed: 0.22 M/s, Avg Speed: 0.22 M/s, Max Resolution: 1920x1080
